[debug] [2025-11-09T14:59:41.484Z] ----------------------------------------------------------------------
[debug] [2025-11-09T14:59:41.485Z] Command:       /usr/local/bin/node /usr/local/bin/firebase init
[debug] [2025-11-09T14:59:41.485Z] CLI Version:   14.2.0
[debug] [2025-11-09T14:59:41.485Z] Platform:      darwin
[debug] [2025-11-09T14:59:41.485Z] Node Version:  v22.14.0
[debug] [2025-11-09T14:59:41.486Z] Time:          Sun Nov 09 2025 08:59:41 GMT-0600 (Central Standard Time)
[debug] [2025-11-09T14:59:41.486Z] ----------------------------------------------------------------------
[debug] 
[debug] [2025-11-09T14:59:41.488Z] > command requires scopes: ["email","openid","https://www.googleapis.com/auth/cloudplatformprojects.readonly","https://www.googleapis.com/auth/firebase","https://www.googleapis.com/auth/cloud-platform"]
[debug] [2025-11-09T14:59:41.488Z] > authorizing via signed-in user (sethb23c@gmail.com)
[info] 
     ######## #### ########  ######## ########     ###     ######  ########
     ##        ##  ##     ## ##       ##     ##  ##   ##  ##       ##
     ######    ##  ########  ######   ########  #########  ######  ######
     ##        ##  ##    ##  ##       ##     ## ##     ##       ## ##
     ##       #### ##     ## ######## ########  ##     ##  ######  ########

You're about to initialize a Firebase project in this directory:

  /Users/sethbailey/projects/touchscreen

[info] 
=== Project Setup
[info] 
[info] First, let's associate this project directory with a Firebase project.
[info] You can create multiple project aliases by running firebase use --add, 
[info] but for now we'll just set up a default project.
[info] 
[debug] [2025-11-09T14:59:46.729Z] Checked if tokens are valid: true, expires at: 1762703966375
[debug] [2025-11-09T14:59:46.729Z] Checked if tokens are valid: true, expires at: 1762703966375
[debug] [2025-11-09T14:59:46.730Z] >>> [apiv2][query] GET https://firebase.googleapis.com/v1beta1/projects pageSize=100
[debug] [2025-11-09T14:59:47.244Z] <<< [apiv2][status] GET https://firebase.googleapis.com/v1beta1/projects 200
[debug] [2025-11-09T14:59:47.244Z] <<< [apiv2][body] GET https://firebase.googleapis.com/v1beta1/projects [omitted]
[info] i  Don't want to scroll through all your projects? If you know your project ID, you can initialize it directly using firebase init --project <project_id>.
 
[info] i  Using project sethbaileydev-84a1e (sethbaileydev) 
[info] 
=== Hosting Setup
[debug] [2025-11-09T15:00:11.171Z] Checked if tokens are valid: true, expires at: 1762703966375
[debug] [2025-11-09T15:00:11.171Z] Checked if tokens are valid: true, expires at: 1762703966375
[debug] [2025-11-09T15:00:11.171Z] >>> [apiv2][query] GET https://firebase.googleapis.com/v1beta1/projects/sethbaileydev-84a1e [none]
[debug] [2025-11-09T15:00:11.460Z] <<< [apiv2][status] GET https://firebase.googleapis.com/v1beta1/projects/sethbaileydev-84a1e 200
[debug] [2025-11-09T15:00:11.460Z] <<< [apiv2][body] GET https://firebase.googleapis.com/v1beta1/projects/sethbaileydev-84a1e {"projectId":"sethbaileydev-84a1e","projectNumber":"302446346986","displayName":"sethbaileydev","name":"projects/sethbaileydev-84a1e","resources":{"hostingSite":"sethbaileydev-84a1e"},"state":"ACTIVE","etag":"1_3956af14-f055-46f0-b66d-62d0b746b3a5"}
[info] 
[info] Your public directory is the folder (relative to your project directory) that
[info] will contain Hosting assets to be uploaded with firebase deploy. If you
[info] have a build process for your assets, use your build's output directory.
[info] 
[debug] [2025-11-09T15:01:09.599Z] >>> [apiv2][query] GET https://www.gstatic.com/firebasejs/releases.json [none]
[debug] [2025-11-09T15:01:09.776Z] <<< [apiv2][status] GET https://www.gstatic.com/firebasejs/releases.json 200
[debug] [2025-11-09T15:01:09.777Z] <<< [apiv2][body] GET https://www.gstatic.com/firebasejs/releases.json {"current":{"version":"12.5.0","browserURL":"https://www.gstatic.com/firebasejs/12.5.0/firebase.js","packageURL":"https://www.gstatic.com/firebasejs/12.5.0/firebase.tgz"},"live":{"version":"12.5","browserURL":"https://www.gstatic.com/firebasejs/live/12.5/firebase.js","packageURL":"https://www.gstatic.com/firebasejs/live/12.5/firebase.tgz"},"components":{"ai":"https://www.gstatic.com/firebasejs/12.5.0/firebase-ai.js","analytics":"https://www.gstatic.com/firebasejs/12.5.0/firebase-analytics.js","app":"https://www.gstatic.com/firebasejs/12.5.0/firebase-app.js","app-check":"https://www.gstatic.com/firebasejs/12.5.0/firebase-app-check.js","auth":"https://www.gstatic.com/firebasejs/12.5.0/firebase-auth.js","auth/cordova":"https://www.gstatic.com/firebasejs/12.5.0/firebase-auth/cordova.js","auth/web-extension":"https://www.gstatic.com/firebasejs/12.5.0/firebase-auth/web-extension.js","functions":"https://www.gstatic.com/firebasejs/12.5.0/firebase-functions.js","firestore":"https://www.gstatic.com/firebasejs/12.5.0/firebase-firestore.js","firestore/lite":"https://www.gstatic.com/firebasejs/12.5.0/firebase-firestore/lite.js","installations":"https://www.gstatic.com/firebasejs/12.5.0/firebase-installations.js","storage":"https://www.gstatic.com/firebasejs/12.5.0/firebase-storage.js","performance":"https://www.gstatic.com/firebasejs/12.5.0/firebase-performance.js","remote-config":"https://www.gstatic.com/firebasejs/12.5.0/firebase-remote-config.js","messaging":"https://www.gstatic.com/firebasejs/12.5.0/firebase-messaging.js","messaging/sw":"https://www.gstatic.com/firebasejs/12.5.0/firebase-messaging/sw.js","database":"https://www.gstatic.com/firebasejs/12.5.0/firebase-database.js","data-connect":"https://www.gstatic.com/firebasejs/12.5.0/firebase-data-connect.js","firestore.memory":"https://www.gstatic.com/firebasejs/12.5.0/firebase-firestore.memory.js"}}
[info] i  Skipping write of public/index.html 
[info] 
[info] i  Detected a .git folder at /Users/sethbailey/projects/touchscreen 
[info] i  Authorizing with GitHub to upload your service account to a GitHub repository's secrets store. 
[info] 
[info] Visit this URL on this device to log in:
[info] https://github.com/login/oauth/authorize?client_id=89cf50f02ac6aaed3484&state=163448680&redirect_uri=http%3A%2F%2Flocalhost%3A9005&scope=read%3Auser%20repo%20public_repo
[info] 
[info] Waiting for authentication...
[debug] [2025-11-09T15:01:21.888Z] >>> [apiv2][query] POST https://github.com/login/oauth/access_token [none]
[debug] [2025-11-09T15:01:21.889Z] >>> [apiv2][body] POST https://github.com/login/oauth/access_token [stream]
[debug] [2025-11-09T15:01:22.144Z] <<< [apiv2][status] POST https://github.com/login/oauth/access_token 200
[debug] [2025-11-09T15:01:22.144Z] <<< [apiv2][body] POST https://github.com/login/oauth/access_token {"access_token":"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","token_type":"bearer","scope":"read:user,repo"}
[debug] [2025-11-09T15:01:22.150Z] >>> [apiv2][query] GET https://api.github.com/user [none]
[debug] [2025-11-09T15:01:22.452Z] <<< [apiv2][status] GET https://api.github.com/user 200
[debug] [2025-11-09T15:01:22.452Z] <<< [apiv2][body] GET https://api.github.com/user {"login":"seth1993","id":9920844,"node_id":"MDQ6VXNlcjk5MjA4NDQ=","avatar_url":"https://avatars.githubusercontent.com/u/9920844?v=4","gravatar_id":"","url":"https://api.github.com/users/seth1993","html_url":"https://github.com/seth1993","followers_url":"https://api.github.com/users/seth1993/followers","following_url":"https://api.github.com/users/seth1993/following{/other_user}","gists_url":"https://api.github.com/users/seth1993/gists{/gist_id}","starred_url":"https://api.github.com/users/seth1993/starred{/owner}{/repo}","subscriptions_url":"https://api.github.com/users/seth1993/subscriptions","organizations_url":"https://api.github.com/users/seth1993/orgs","repos_url":"https://api.github.com/users/seth1993/repos","events_url":"https://api.github.com/users/seth1993/events{/privacy}","received_events_url":"https://api.github.com/users/seth1993/received_events","type":"User","user_view_type":"private","site_admin":false,"name":"Seth Bailey","company":"Strike LLC","blog":"","location":"The Woodlands, Texas","email":null,"hireable":null,"bio":"Senior Software Developer - Project Analyst","twitter_username":null,"notification_email":null,"public_repos":10,"public_gists":0,"followers":2,"following":2,"created_at":"2014-11-23T23:16:08Z","updated_at":"2025-10-25T01:29:35Z","private_gists":0,"total_private_repos":22,"owned_private_repos":22,"disk_usage":618549,"collaborators":8,"two_factor_authentication":false,"plan":{"name":"free","space":976562499,"collaborators":0,"private_repos":10000}}
[info] 
[info] ✔  Success! Logged into GitHub as seth1993 
[info] 
